---
source: tests/snapshots.rs
expression: "     "
---
Filter {
    directives: ReverseSortedVec {
        vec: [],
    },
    regex: None,
}
