---
source: tests/snapshots.rs
assertion_line: 68
expression: crate=target=warn
---
Filter {
    directives: SortedVec {
        vec: [],
    },
    regex: None,
}
