---
source: tests/snapshots.rs
expression: crate1/a*c
---
crate1=trace,/a*c
(no warnings)
