---
source: tests/snapshots.rs
assertion_line: 76
expression: WARN
---
(no warnings)
