---
source: tests/snapshots.rs
expression: "crate1::mod1=error,crate1::mod2,crate2=debug"
---
crate1::mod2=trace,crate1::mod1=error,crate2=debug,
(no warnings)
