---
source: tracing-filter/tests/snapshots.rs
assertion_line: 68
expression: "     "
---
Filter {
    directives: SortedVec {
        vec: [],
    },
    regex: None,
}
