---
source: tests/snapshots.rs
expression: crate=target=warn
---
Filter {
    scope: ThreadLocal { local_data: None },
    statics: DirectiveSet {
        directives: SortedSet {
            set: SortedVec {
                vec: [],
            },
        },
        level: LevelFilter::OFF,
    },
    dynamics: DirectiveSet {
        directives: SortedSet {
            set: SortedVec {
                vec: [],
            },
        },
        level: LevelFilter::OFF,
    },
    by_id: RwLock {
        data: {},
        poisoned: false,
        ..
    },
    by_cs: RwLock {
        data: {},
        poisoned: false,
        ..
    },
}

  × some directives had no effect

Error: 
  ⚠ 1 directives were ignored as invalid

Error: tracing_filter::legacy::InvalidLevel

  ⚠ invalid level filter specified
   ╭────
 1 │ crate=target=warn
   ·       ───────────
   ╰────
  help: valid level filters are OFF, ERROR, WARN, INFO, DEBUG, or TRACE

