---
source: tracing-filter/tests/snapshots.rs
assertion_line: 68
expression: warn
---
Filter {
    directives: SortedVec {
        vec: [
            Directive {
                target: None,
                level: LevelFilter::WARN,
            },
        ],
    },
    regex: None,
}
