---
source: tests/snapshots.rs
assertion_line: 75
expression: "off,error,warn,info,debug,trace"
---
(no warnings)
