---
source: tests/snapshots.rs
expression: warn
---
Filter {
    directives: ReverseSortedVec {
        vec: [
            Directive {
                target: None,
                level: LevelFilter::WARN,
            },
        ],
    },
    regex: None,
}
