---
source: tests/snapshots.rs
expression: "warn,crate2=debug"
---
warn,crate2=debug,
(no warnings)
