---
source: tests/snapshots.rs
assertion_line: 76
expression: "warn,crate2=debug"
---
(no warnings)
