---
source: tests/snapshots.rs
expression: warn
---
(no warnings)
