---
source: tests/snapshots.rs
expression: "crate::target=warn/[0-9]/"
---
Filter {
    scope: ThreadLocal { local_data: None },
    statics: DirectiveSet {
        directives: SortedSet {
            set: SortedVec {
                vec: [],
            },
        },
        level: LevelFilter::OFF,
    },
    dynamics: DirectiveSet {
        directives: SortedSet {
            set: SortedVec {
                vec: [],
            },
        },
        level: LevelFilter::OFF,
    },
    by_id: RwLock {
        data: {},
        poisoned: false,
        ..
    },
    by_cs: RwLock {
        data: {},
        poisoned: false,
        ..
    },
}
