---
source: tests/snapshots.rs
expression: "crate1::mod1=error,crate1::mod2,crate2=debug/abc"
---
crate2=debug,crate1::mod1=error,crate1::mod2=trace,/abc
(no warnings)
