---
source: tests/snapshots.rs
assertion_line: 23
expression: "crate::target=warn/[[]\n"
---
Filter {
    directives: [
        Directive {
            target: Some(
                "crate::target",
            ),
            level: LevelFilter::WARN,
        },
    ],
    regex: None,
}
