---
source: tests/snapshots.rs
expression: "[{field}]"
---
[{field}]=trace,
(no warnings)
