---
source: tests/snapshots.rs
assertion_line: 68
expression: WARN
---
Filter {
    directives: SortedVec {
        vec: [
            Directive {
                target: None,
                level: LevelFilter::WARN,
            },
        ],
    },
    regex: None,
}
