---
source: tests/snapshots.rs
expression: ","
---
error
(no warnings)
