---
source: tests/snapshots.rs
expression: "crate1::mod1=noNumber,crate2=debug"
---
Filter {
    directives: ReverseSortedVec {
        vec: [
            Directive {
                target: Some(
                    "crate2",
                ),
                level: LevelFilter::DEBUG,
            },
        ],
    },
    regex: None,
}
