---
source: tests/snapshots.rs
expression: "example::log::target=level"
---
Filter {
    directives: ReverseSortedVec {
        vec: [],
    },
    regex: None,
}
