---
source: tests/snapshots.rs
assertion_line: 67
expression: crate=target=warn
---
Filter {
    directives: [],
    regex: None,
}
