---
source: tests/snapshots.rs
expression: "crate1::mod1=error,crate1::mod2,crate2=debug"
---
(no warnings)
